2025-11-03 20:58:21,778   /usr/local/bin/python3.10 -m pip --disable-pip-version-check uninstall --yes OctoPrint-SpoolManager
2025-11-03 20:58:22,650 ! WARNING: Running pip as the 'root' user can result in broken permissions and conflicting behaviour with the system package manager. It is recommended to use a virtual environment instead: https://pip.pypa.io/warnings/venv
2025-11-03 20:58:22,650 > Found existing installation: OctoPrint-SpoolManager 1.7.8
2025-11-03 20:58:22,651 > Uninstalling OctoPrint-SpoolManager-1.7.8:
2025-11-03 20:58:22,651 > Successfully uninstalled OctoPrint-SpoolManager-1.7.8
2025-11-03 20:58:22,673 > Cleaning up plugin SpoolManager...
2025-11-03 20:59:36,093   /usr/local/bin/python3.10 -m pip --disable-pip-version-check install file:///tmp/tmp5ypc93gw/octoprint-spoolman-master.zip --no-cache-dir
2025-11-03 20:59:37,991 > Processing /tmp/tmp5ypc93gw/octoprint-spoolman-master.zip
2025-11-03 20:59:37,991 > Preparing metadata (setup.py): started
2025-11-03 20:59:37,991 > Preparing metadata (setup.py): finished with status 'done'
2025-11-03 20:59:37,992 > Requirement already satisfied: OctoPrint in /usr/local/lib/python3.10/site-packages (from octoprint-spoolman==1.4.0) (1.11.3)
2025-11-03 20:59:37,992 > Requirement already satisfied: OctoPrint-FirmwareCheck>=2025.5.14 in /usr/local/lib/python3.10/site-packages (from OctoPrint->octoprint-spoolman==1.4.0) (2025.7.23)
2025-11-03 20:59:37,992 > Requirement already satisfied: unidecode in /usr/local/lib/python3.10/site-packages (from OctoPrint->octoprint-spoolman==1.4.0) (1.4.0)
2025-11-03 20:59:37,992 > Requirement already satisfied: PyYAML<7,>=6.0.2 in /usr/local/lib/python3.10/site-packages (from OctoPrint->octoprint-spoolman==1.4.0) (6.0.2)
2025-11-03 20:59:37,992 > Requirement already satisfied: more-itertools>=10.5.0 in /usr/local/lib/python3.10/site-packages (from OctoPrint->octoprint-spoolman==1.4.0) (10.8.0)
2025-11-03 20:59:37,992 > Requirement already satisfied: colorlog<7,>=6.9.0 in /usr/local/lib/python3.10/site-packages (from OctoPrint->octoprint-spoolman==1.4.0) (6.9.0)
2025-11-03 20:59:37,992 > Requirement already satisfied: Flask-Assets<3,>=2.1.0 in /usr/local/lib/python3.10/site-packages (from OctoPrint->octoprint-spoolman==1.4.0) (2.1.0)
2025-11-03 20:59:37,992 > Requirement already satisfied: semantic_version<3,>=2.10.0 in /usr/local/lib/python3.10/site-packages (from OctoPrint->octoprint-spoolman==1.4.0) (2.10.0)
2025-11-03 20:59:37,992 > Requirement already satisfied: netaddr<1.4,>=1.3.0 in /usr/local/lib/python3.10/site-packages (from OctoPrint->octoprint-spoolman==1.4.0) (1.3.0)
2025-11-03 20:59:37,992 > Requirement already satisfied: flask<3.1,>=3.0.3 in /usr/local/lib/python3.10/site-packages (from OctoPrint->octoprint-spoolman==1.4.0) (3.0.3)
2025-11-03 20:59:37,993 > Requirement already satisfied: feedparser<7,>=6.0.11 in /usr/local/lib/python3.10/site-packages (from OctoPrint->octoprint-spoolman==1.4.0) (6.0.11)
2025-11-03 20:59:37,993 > Requirement already satisfied: blinker<1.9.0,>=1.8.0 in /usr/local/lib/python3.10/site-packages (from OctoPrint->octoprint-spoolman==1.4.0) (1.8.2)
2025-11-03 20:59:37,993 > Requirement already satisfied: pytz in /usr/local/lib/python3.10/site-packages (from OctoPrint->octoprint-spoolman==1.4.0) (2025.2)
2025-11-03 20:59:37,993 > Requirement already satisfied: Flask-Login<0.7,>=0.6.3 in /usr/local/lib/python3.10/site-packages (from OctoPrint->octoprint-spoolman==1.4.0) (0.6.3)
2025-11-03 20:59:37,993 > Requirement already satisfied: emoji<3,>=2.14.1 in /usr/local/lib/python3.10/site-packages (from OctoPrint->octoprint-spoolman==1.4.0) (2.14.1)
2025-11-03 20:59:37,993 > Requirement already satisfied: setuptools in /usr/local/lib/python3.10/site-packages (from OctoPrint->octoprint-spoolman==1.4.0) (65.5.1)
2025-11-03 20:59:37,993 > Requirement already satisfied: Flask-Babel<5,>=4.0.0 in /usr/local/lib/python3.10/site-packages (from OctoPrint->octoprint-spoolman==1.4.0) (4.0.0)
2025-11-03 20:59:37,993 > Requirement already satisfied: websocket-client<1.9,>=1.8.0 in /usr/local/lib/python3.10/site-packages (from OctoPrint->octoprint-spoolman==1.4.0) (1.8.0)
2025-11-03 20:59:37,993 > Requirement already satisfied: zipstream-ng<2.0.0,>=1.8.0 in /usr/local/lib/python3.10/site-packages (from OctoPrint->octoprint-spoolman==1.4.0) (1.9.0)
2025-11-03 20:59:37,993 > Requirement already satisfied: pydantic<3,>=2.10.6 in /usr/local/lib/python3.10/site-packages (from OctoPrint->octoprint-spoolman==1.4.0) (2.11.7)
2025-11-03 20:59:37,993 > Requirement already satisfied: Flask-Limiter<3.9,>=3.8 in /usr/local/lib/python3.10/site-packages (from OctoPrint->octoprint-spoolman==1.4.0) (3.8.0)
2025-11-03 20:59:37,993 > Requirement already satisfied: netifaces<0.12,>=0.11.0 in /usr/local/lib/python3.10/site-packages (from OctoPrint->octoprint-spoolman==1.4.0) (0.11.0)
2025-11-03 20:59:37,994 > Requirement already satisfied: werkzeug<3.1,>=3.0.6 in /usr/local/lib/python3.10/site-packages (from OctoPrint->octoprint-spoolman==1.4.0) (3.0.6)
2025-11-03 20:59:37,994 > Requirement already satisfied: pyserial<4,>=3.5 in /usr/local/lib/python3.10/site-packages (from OctoPrint->octoprint-spoolman==1.4.0) (3.5)
2025-11-03 20:59:37,994 > Requirement already satisfied: sentry-sdk<3,>=2.20.0 in /usr/local/lib/python3.10/site-packages (from OctoPrint->octoprint-spoolman==1.4.0) (2.37.0)
2025-11-03 20:59:37,994 > Requirement already satisfied: limits<5 in /usr/local/lib/python3.10/site-packages (from OctoPrint->octoprint-spoolman==1.4.0) (4.8.0)
2025-11-03 20:59:37,994 > Requirement already satisfied: OctoPrint-FileCheck>=2024.11.12 in /usr/local/lib/python3.10/site-packages (from OctoPrint->octoprint-spoolman==1.4.0) (2025.7.23)
2025-11-03 20:59:37,994 > Requirement already satisfied: future in /usr/local/lib/python3.10/site-packages (from OctoPrint->octoprint-spoolman==1.4.0) (1.0.0)
2025-11-03 20:59:37,994 > Requirement already satisfied: pylru<2,>=1.2.1 in /usr/local/lib/python3.10/site-packages (from OctoPrint->octoprint-spoolman==1.4.0) (1.2.1)
2025-11-03 20:59:37,994 > Requirement already satisfied: Click!=8.2.0,<9,>=8.1.8 in /usr/local/lib/python3.10/site-packages (from OctoPrint->octoprint-spoolman==1.4.0) (8.2.1)
2025-11-03 20:59:37,994 > Requirement already satisfied: wheel in /usr/local/lib/python3.10/site-packages (from OctoPrint->octoprint-spoolman==1.4.0) (0.45.1)
2025-11-03 20:59:37,994 > Requirement already satisfied: requests<3,>=2.32.3 in /usr/local/lib/python3.10/site-packages (from OctoPrint->octoprint-spoolman==1.4.0) (2.32.5)
2025-11-03 20:59:37,994 > Requirement already satisfied: sarge==0.1.7.post1 in /usr/local/lib/python3.10/site-packages (from OctoPrint->octoprint-spoolman==1.4.0) (0.1.7.post1)
2025-11-03 20:59:37,994 > Requirement already satisfied: libpass<2,>=1.8.1 in /usr/local/lib/python3.10/site-packages (from OctoPrint->octoprint-spoolman==1.4.0) (1.9.1.post0)
2025-11-03 20:59:37,994 > Requirement already satisfied: psutil==6.0.0 in /usr/local/lib/python3.10/site-packages (from OctoPrint->octoprint-spoolman==1.4.0) (6.0.0)
2025-11-03 20:59:37,995 > Requirement already satisfied: wrapt<1.18,>=1.17.2 in /usr/local/lib/python3.10/site-packages (from OctoPrint->octoprint-spoolman==1.4.0) (1.17.3)
2025-11-03 20:59:37,995 > Requirement already satisfied: markdown<3.8,>=3.7 in /usr/local/lib/python3.10/site-packages (from OctoPrint->octoprint-spoolman==1.4.0) (3.7)
2025-11-03 20:59:37,995 > Requirement already satisfied: cachelib<0.14,>=0.13.0 in /usr/local/lib/python3.10/site-packages (from OctoPrint->octoprint-spoolman==1.4.0) (0.13.0)
2025-11-03 20:59:37,995 > Requirement already satisfied: zeroconf<0.137,>=0.136.2 in /usr/local/lib/python3.10/site-packages (from OctoPrint->octoprint-spoolman==1.4.0) (0.136.2)
2025-11-03 20:59:37,995 > Requirement already satisfied: filetype<2,>=1.2.0 in /usr/local/lib/python3.10/site-packages (from OctoPrint->octoprint-spoolman==1.4.0) (1.2.0)
2025-11-03 20:59:37,995 > Requirement already satisfied: watchdog<5,>=4.0.2 in /usr/local/lib/python3.10/site-packages (from OctoPrint->octoprint-spoolman==1.4.0) (4.0.2)
2025-11-03 20:59:37,995 > Requirement already satisfied: tornado<6.5,>=6.4.2 in /usr/local/lib/python3.10/site-packages (from OctoPrint->octoprint-spoolman==1.4.0) (6.4.2)
2025-11-03 20:59:37,995 > Requirement already satisfied: packaging in /usr/local/lib/python3.10/site-packages (from OctoPrint->octoprint-spoolman==1.4.0) (24.2)
2025-11-03 20:59:37,995 > Requirement already satisfied: argon2-cffi>=23.1.0 in /usr/local/lib/python3.10/site-packages (from OctoPrint->octoprint-spoolman==1.4.0) (25.1.0)
2025-11-03 20:59:37,995 > Requirement already satisfied: pathvalidate<4,>=3.2.1 in /usr/local/lib/python3.10/site-packages (from OctoPrint->octoprint-spoolman==1.4.0) (3.3.1)
2025-11-03 20:59:37,996 > Requirement already satisfied: OctoPrint-PiSupport>=2023.10.10 in /usr/local/lib/python3.10/site-packages (from OctoPrint->octoprint-spoolman==1.4.0) (2025.7.23)
2025-11-03 20:59:37,996 > Requirement already satisfied: Babel<2.17,>=2.16 in /usr/local/lib/python3.10/site-packages (from OctoPrint->octoprint-spoolman==1.4.0) (2.16.0)
2025-11-03 20:59:37,996 > Requirement already satisfied: frozendict<3,>=2.4.6 in /usr/local/lib/python3.10/site-packages (from OctoPrint->octoprint-spoolman==1.4.0) (2.4.6)
2025-11-03 20:59:37,996 > Requirement already satisfied: regex in /usr/local/lib/python3.10/site-packages (from OctoPrint->octoprint-spoolman==1.4.0) (2025.9.1)
2025-11-03 20:59:37,996 > Requirement already satisfied: argon2-cffi-bindings in /usr/local/lib/python3.10/site-packages (from argon2-cffi>=23.1.0->OctoPrint->octoprint-spoolman==1.4.0) (25.1.0)
2025-11-03 20:59:37,996 > Requirement already satisfied: sgmllib3k in /usr/local/lib/python3.10/site-packages (from feedparser<7,>=6.0.11->OctoPrint->octoprint-spoolman==1.4.0) (1.0.0)
2025-11-03 20:59:37,996 > Requirement already satisfied: Jinja2>=3.1.2 in /usr/local/lib/python3.10/site-packages (from flask<3.1,>=3.0.3->OctoPrint->octoprint-spoolman==1.4.0) (3.1.6)
2025-11-03 20:59:37,996 > Requirement already satisfied: itsdangerous>=2.1.2 in /usr/local/lib/python3.10/site-packages (from flask<3.1,>=3.0.3->OctoPrint->octoprint-spoolman==1.4.0) (2.2.0)
2025-11-03 20:59:37,996 > Requirement already satisfied: webassets>=2.0 in /usr/local/lib/python3.10/site-packages (from Flask-Assets<3,>=2.1.0->OctoPrint->octoprint-spoolman==1.4.0) (3.0.0)
2025-11-03 20:59:37,996 > Requirement already satisfied: ordered-set<5,>4 in /usr/local/lib/python3.10/site-packages (from Flask-Limiter<3.9,>=3.8->OctoPrint->octoprint-spoolman==1.4.0) (4.1.0)
2025-11-03 20:59:37,996 > Requirement already satisfied: typing-extensions>=4 in /usr/local/lib/python3.10/site-packages (from Flask-Limiter<3.9,>=3.8->OctoPrint->octoprint-spoolman==1.4.0) (4.15.0)
2025-11-03 20:59:37,996 > Requirement already satisfied: rich<14,>=12 in /usr/local/lib/python3.10/site-packages (from Flask-Limiter<3.9,>=3.8->OctoPrint->octoprint-spoolman==1.4.0) (13.9.4)
2025-11-03 20:59:37,996 > Requirement already satisfied: deprecated>=1.2 in /usr/local/lib/python3.10/site-packages (from limits<5->OctoPrint->octoprint-spoolman==1.4.0) (1.2.18)
2025-11-03 20:59:37,996 > Requirement already satisfied: annotated-types>=0.6.0 in /usr/local/lib/python3.10/site-packages (from pydantic<3,>=2.10.6->OctoPrint->octoprint-spoolman==1.4.0) (0.7.0)
2025-11-03 20:59:37,996 > Requirement already satisfied: pydantic-core==2.33.2 in /usr/local/lib/python3.10/site-packages (from pydantic<3,>=2.10.6->OctoPrint->octoprint-spoolman==1.4.0) (2.33.2)
2025-11-03 20:59:37,997 > Requirement already satisfied: typing-inspection>=0.4.0 in /usr/local/lib/python3.10/site-packages (from pydantic<3,>=2.10.6->OctoPrint->octoprint-spoolman==1.4.0) (0.4.1)
2025-11-03 20:59:37,997 > Requirement already satisfied: urllib3<3,>=1.21.1 in /usr/local/lib/python3.10/site-packages (from requests<3,>=2.32.3->OctoPrint->octoprint-spoolman==1.4.0) (2.5.0)
2025-11-03 20:59:37,997 > Requirement already satisfied: idna<4,>=2.5 in /usr/local/lib/python3.10/site-packages (from requests<3,>=2.32.3->OctoPrint->octoprint-spoolman==1.4.0) (3.10)
2025-11-03 20:59:37,997 > Requirement already satisfied: charset_normalizer<4,>=2 in /usr/local/lib/python3.10/site-packages (from requests<3,>=2.32.3->OctoPrint->octoprint-spoolman==1.4.0) (3.4.3)
2025-11-03 20:59:37,997 > Requirement already satisfied: certifi>=2017.4.17 in /usr/local/lib/python3.10/site-packages (from requests<3,>=2.32.3->OctoPrint->octoprint-spoolman==1.4.0) (2025.8.3)
2025-11-03 20:59:37,997 > Requirement already satisfied: MarkupSafe>=2.1.1 in /usr/local/lib/python3.10/site-packages (from werkzeug<3.1,>=3.0.6->OctoPrint->octoprint-spoolman==1.4.0) (3.0.2)
2025-11-03 20:59:37,997 > Requirement already satisfied: async-timeout>=3.0.0 in /usr/local/lib/python3.10/site-packages (from zeroconf<0.137,>=0.136.2->OctoPrint->octoprint-spoolman==1.4.0) (5.0.1)
2025-11-03 20:59:37,997 > Requirement already satisfied: ifaddr>=0.1.7 in /usr/local/lib/python3.10/site-packages (from zeroconf<0.137,>=0.136.2->OctoPrint->octoprint-spoolman==1.4.0) (0.2.0)
2025-11-03 20:59:37,997 > Requirement already satisfied: pygments<3.0.0,>=2.13.0 in /usr/local/lib/python3.10/site-packages (from rich<14,>=12->Flask-Limiter<3.9,>=3.8->OctoPrint->octoprint-spoolman==1.4.0) (2.19.2)
2025-11-03 20:59:37,997 > Requirement already satisfied: markdown-it-py>=2.2.0 in /usr/local/lib/python3.10/site-packages (from rich<14,>=12->Flask-Limiter<3.9,>=3.8->OctoPrint->octoprint-spoolman==1.4.0) (4.0.0)
2025-11-03 20:59:37,997 > Requirement already satisfied: zope-dottedname>=6.0 in /usr/local/lib/python3.10/site-packages (from webassets>=2.0->Flask-Assets<3,>=2.1.0->OctoPrint->octoprint-spoolman==1.4.0) (6.1)
2025-11-03 20:59:37,998 > Requirement already satisfied: cffi>=1.0.1 in /usr/local/lib/python3.10/site-packages (from argon2-cffi-bindings->argon2-cffi>=23.1.0->OctoPrint->octoprint-spoolman==1.4.0) (2.0.0)
2025-11-03 20:59:37,998 > Requirement already satisfied: pycparser in /usr/local/lib/python3.10/site-packages (from cffi>=1.0.1->argon2-cffi-bindings->argon2-cffi>=23.1.0->OctoPrint->octoprint-spoolman==1.4.0) (2.22)
2025-11-03 20:59:37,998 > Requirement already satisfied: mdurl~=0.1 in /usr/local/lib/python3.10/site-packages (from markdown-it-py>=2.2.0->rich<14,>=12->Flask-Limiter<3.9,>=3.8->OctoPrint->octoprint-spoolman==1.4.0) (0.1.2)
2025-11-03 20:59:37,998 > Building wheels for collected packages: octoprint-spoolman
2025-11-03 20:59:37,998 > Building wheel for octoprint-spoolman (setup.py): started
2025-11-03 20:59:38,740 ! WARNING: Running pip as the 'root' user can result in broken permissions and conflicting behaviour with the system package manager. It is recommended to use a virtual environment instead: https://pip.pypa.io/warnings/venv
2025-11-03 20:59:38,741 > Building wheel for octoprint-spoolman (setup.py): finished with status 'done'
2025-11-03 20:59:38,741 > Created wheel for octoprint-spoolman: filename=octoprint_spoolman-1.4.0-py2.py3-none-any.whl size=60599 sha256=43b8fc805674aceeae429cb8b22dda061a2412615476afecf4d256b5af42acfc
2025-11-03 20:59:38,741 > Stored in directory: /tmp/pip-ephem-wheel-cache-00vf4w0d/wheels/7b/44/82/50baf5826555d8c9dc54677531b411be12cb53857104d72e1c
2025-11-03 20:59:38,741 > Successfully built octoprint-spoolman
2025-11-03 20:59:38,741 > Installing collected packages: octoprint-spoolman
2025-11-03 20:59:38,741 > Successfully installed octoprint-spoolman-1.4.0
